BL51 BANKED LINKER/LOCATER V6.22                                                        06/04/2016  07:34:09  PAGE 1


BL51 BANKED LINKER/LOCATER V6.22, INVOKED BY:
D:\SOFTWARE\KEIL\C51\BIN\BL51.EXE .\Objects\Test602.obj TO .\Objects\Test602 PRINT (.\Listings\Test602.m51) RAMSIZE (256
>> )


MEMORY MODEL: SMALL


INPUT MODULES INCLUDED:
  .\Objects\Test602.obj (TEST602)
  D:\SOFTWARE\KEIL\C51\LIB\C51S.LIB (?C_STARTUP)


LINK MAP OF MODULE:  .\Objects\Test602 (TEST602)


            TYPE    BASE      LENGTH    RELOCATION   SEGMENT NAME
            -----------------------------------------------------

            * * * * * * *   D A T A   M E M O R Y   * * * * * * *
            REG     0000H     0008H     ABSOLUTE     "REG BANK 0"
            DATA    0008H     0001H     UNIT         ?DT?TEST602
            IDATA   0009H     0001H     UNIT         ?STACK

            * * * * * * *   C O D E   M E M O R Y   * * * * * * *
            CODE    0000H     0003H     ABSOLUTE     
                    0003H     07FDH                  *** GAP ***
            CODE    0800H     0033H     UNIT         ?PR?MAIN?TEST602
            CODE    0833H     002DH     UNIT         ?PR?_DELAY?TEST602
            CODE    0860H     001AH     UNIT         ?PR?INIT?TEST602
            CODE    087AH     001AH     UNIT         ?CO?TEST602
            CODE    0894H     000FH     UNIT         ?PR?_WRITE_DATA?TEST602
            CODE    08A3H     000CH     UNIT         ?C_C51STARTUP
            CODE    08AFH     0008H     UNIT         ?PR?_WRITE_COM?TEST602



OVERLAY MAP OF MODULE:   .\Objects\Test602 (TEST602)


SEGMENT
  +--> CALLED SEGMENT
---------------------
?C_C51STARTUP
  +--> ?PR?MAIN?TEST602

?PR?MAIN?TEST602
  +--> ?PR?INIT?TEST602
  +--> ?PR?_WRITE_COM?TEST602
  +--> ?PR?_WRITE_DATA?TEST602
  +--> ?PR?_DELAY?TEST602

?PR?INIT?TEST602
  +--> ?PR?_WRITE_COM?TEST602

?PR?_WRITE_COM?TEST602
  +--> ?PR?_DELAY?TEST602

BL51 BANKED LINKER/LOCATER V6.22                                                      06/04/2016  07:34:09  PAGE 2


?PR?_WRITE_DATA?TEST602
  +--> ?CO?TEST602
  +--> ?PR?_DELAY?TEST602



SYMBOL TABLE OF MODULE:  .\Objects\Test602 (TEST602)

  VALUE           TYPE          NAME
  ----------------------------------

  -------         MODULE        TEST602
  C:0000H         SYMBOL        _ICE_DUMMY_
  D:0080H         PUBLIC        P0
  D:0090H         PUBLIC        P1
  D:00A0H         PUBLIC        P2
  D:00B0H         PUBLIC        P3
  B:00B0H.4       PUBLIC        lcden
  C:087AH         PUBLIC        table
  D:00A8H         PUBLIC        IE
  C:0842H         PUBLIC        _delay
  D:00B8H         PUBLIC        IP
  B:00B0H.5       PUBLIC        lcdrs
  C:0800H         PUBLIC        main
  B:00A0H.6       PUBLIC        dula
  C:089BH         PUBLIC        _write_data
  B:00A0H.7       PUBLIC        wela
  D:0098H         PUBLIC        SCON
  D:0088H         PUBLIC        TCON
  C:0860H         PUBLIC        init
  C:0886H         PUBLIC        table1
  C:08AFH         PUBLIC        _write_com
  D:0008H         PUBLIC        num
  D:00C8H         PUBLIC        T2CON
  D:00D0H         PUBLIC        PSW
  C:083EH         SYMBOL        L?0023
  -------         PROC          L?0022
  -------         ENDPROC       L?0022
  C:083EH         SYMBOL        L?0023
  -------         PROC          _DELAY
  D:0006H         SYMBOL        z
  -------         DO            
  D:0006H         SYMBOL        x
  D:0004H         SYMBOL        y
  -------         ENDDO         
  C:0842H         LINE#         11
  C:0842H         LINE#         12
  C:0842H         LINE#         14
  C:084BH         LINE#         15
  C:085FH         LINE#         16
  -------         ENDPROC       _DELAY
  -------         PROC          _WRITE_COM
  D:0007H         SYMBOL        com
  C:08AFH         LINE#         17
  C:08AFH         LINE#         18
  C:08AFH         LINE#         19
  C:08B1H         LINE#         20
BL51 BANKED LINKER/LOCATER V6.22                                                      06/04/2016  07:34:09  PAGE 3


  C:08B1H         LINE#         21
  C:08B1H         LINE#         22
  C:08B1H         LINE#         23
  C:08B4H         LINE#         24
  C:08B6H         LINE#         25
  -------         ENDPROC       _WRITE_COM
  -------         PROC          L?0024
  -------         ENDPROC       L?0024
  -------         PROC          _WRITE_DATA
  D:0007H         SYMBOL        date
  C:089BH         LINE#         26
  C:089BH         LINE#         27
  C:089BH         LINE#         28
  C:089DH         LINE#         29
  C:089DH         LINE#         30
  C:089DH         LINE#         31
  C:089DH         LINE#         32
  C:08A0H         LINE#         33
  C:08A2H         LINE#         34
  -------         ENDPROC       _WRITE_DATA
  -------         PROC          INIT
  C:0860H         LINE#         35
  C:0860H         LINE#         36
  C:0860H         LINE#         37
  C:0862H         LINE#         38
  C:0864H         LINE#         39
  C:0866H         LINE#         40
  C:086BH         LINE#         41
  C:0870H         LINE#         42
  C:0875H         LINE#         43
  -------         ENDPROC       INIT
  -------         PROC          MAIN
  C:0800H         LINE#         46
  C:0800H         LINE#         47
  C:0800H         LINE#         48
  C:0803H         LINE#         49
  C:0808H         LINE#         50
  C:080BH         LINE#         51
  C:080BH         LINE#         52
  C:080EH         LINE#         53
  C:0811H         LINE#         54
  C:081AH         LINE#         55
  C:081FH         LINE#         56
  C:0822H         LINE#         57
  C:0822H         LINE#         58
  C:0825H         LINE#         59
  C:0828H         LINE#         60
  C:0831H         LINE#         61
  -------         ENDPROC       MAIN
  -------         ENDMOD        TEST602

******************************************************************************
* RESTRICTED VERSION WITH 0800H BYTE CODE SIZE LIMIT; USED: 00ABH BYTE ( 8%) *
******************************************************************************

Program Size: data=10.0 xdata=0 code=186
LINK/LOCATE RUN COMPLETE.  0 WARNING(S),  0 ERROR(S)
