C51 COMPILER V9.55   TEST602                                                               06/04/2016 07:34:09 PAGE 1   


C51 COMPILER V9.55, COMPILATION OF MODULE TEST602
OBJECT MODULE PLACED IN .\Objects\Test602.obj
COMPILER INVOKED BY: D:\Software\keil\C51\BIN\C51.EXE Test602.c OPTIMIZE(8,SPEED) BROWSE DEBUG OBJECTEXTEND PRINT(.\List
                    -ings\Test602.lst) TABS(2) OBJECT(.\Objects\Test602.obj)

line level    source

   1          #include<reg52.h>
   2          #define uchar unsigned char
   3          #define uint unsigned int
   4          uchar code table[]="I LOVE MCU!";
   5          uchar code table1[]="WWW.TXMCU.COM";
   6          sbit lcden=P3^4;
   7          sbit lcdrs=P3^5;
   8          sbit dula=P2^6;
   9          sbit wela=P2^7;
  10          uchar num;
  11          void delay(uint z)
  12          {
  13   1        uint x,y;
  14   1        for(x=z;x>0;x--)
  15   1          for(y=110;y>0;y--);
  16   1      }
  17          void write_com(uchar com)
  18          {
  19   1        lcdrs=0;
  20   1        P0=com;
  21   1        delay(5);
  22   1        lcden=1;
  23   1        delay(5);
  24   1        lcden=0;
  25   1      }
  26          void write_data(uchar date)
  27          {
  28   1        lcdrs=1;  
  29   1        P0=date;
  30   1        delay(5);
  31   1        lcden=1;
  32   1        delay(5);
  33   1        lcden=0;
  34   1      }
  35          void init()
  36          {
  37   1        dula=0;
  38   1        wela=0;
  39   1        lcden=0;
  40   1        write_com(0x38);
  41   1        write_com(0x0c);
  42   1        write_com(0x06);
  43   1        write_com(0x01);
  44   1      }
  45          
  46          void main()
  47          {
  48   1        init();
  49   1        write_com(0x80);
  50   1        for(num=0;num<11;num++)
  51   1        {
  52   2          write_data(table[num]);
  53   2          delay(5);
  54   2        }
C51 COMPILER V9.55   TEST602                                                               06/04/2016 07:34:09 PAGE 2   

  55   1        write_com(0x80+0x40);
  56   1        for(num=0;num<13;num++)
  57   1        {
  58   2          write_data(table[num]);
  59   2          delay(5);
  60   2        }
  61   1        while(1);
  62   1      }


MODULE INFORMATION:   STATIC OVERLAYABLE
   CODE SIZE        =    145    ----
   CONSTANT SIZE    =     26    ----
   XDATA SIZE       =   ----    ----
   PDATA SIZE       =   ----    ----
   DATA SIZE        =      1    ----
   IDATA SIZE       =   ----    ----
   BIT SIZE         =   ----    ----
END OF MODULE INFORMATION.


C51 COMPILATION COMPLETE.  0 WARNING(S),  0 ERROR(S)
